// Jest Snapshot v1, https://goo.gl/fbAQLP

exports[`<CategoryTitleAndLink /> should render the heading 1`] = `
<main>
  <h1>
    CategoryTitleAndLink
  </h1>
</main>
`;
