// Jest Snapshot v1, https://goo.gl/fbAQLP

exports[`<Main /> should render the heading 1`] = `
<main>
  <h1
    class="text-yellow"
  >
    OASIS
  </h1>
</main>
`;
